// Jest Snapshot v1, https://goo.gl/fbAQLP

exports[`Login renders the login page 1`] = `
<DocumentFragment>
  <div
    class="hero min-h-screen bg-base-200"
  >
    <section
      class="mt-10"
    >
      <h1
        class="text-3xl font-bold text-center"
      >
        Login
      </h1>
      <form
        class="my-5 card flex-shrink-0 w-full max-w-sm shadow-2xl bg-base-100 p-8 m-auto rounded-lg"
      >
        <div
          class="form-control w-full max-w-xs mb-5"
        >
          <label>
            <span
              class="font-semibold"
            >
              Email:
            </span>
          </label>
          <input
            class="input input-bordered w-full max-w-xs border p-2 mt-2"
            data-testid="email-input"
            id="email"
            name="email"
            required=""
            type="email"
            value=""
          />
        </div>
        <div
          class="form-control w-full max-w-xs"
        >
          <label>
            <span
              class="font-semibold"
            >
              Password:
            </span>
          </label>
          <input
            class="input input-bordered w-full max-w-xs border p-2 mt-2"
            data-testid="password-input"
            id="password"
            name="password"
            required=""
            type="password"
            value=""
          />
        </div>
        <div
          class="my-5"
        >
          <button
            class="bg-slate-800 text-white font-semibold inline-block pl-10 pr-10 pt-4 pb-4 mt-2 text-sm rounded-md w-full"
          >
            Login
          </button>
        </div>
      </form>
      <div
        class="text-center underline"
      >
        <a
          href="/register"
        >
          Register Instead
        </a>
      </div>
    </section>
  </div>
</DocumentFragment>
`;
